Component: ARM Compiler 5.05 update 2 (build 169) Tool: armlink [4d0f33]

==============================================================================

Section Cross References

    startup_stm32f429_439xx.o(RESET) refers to startup_stm32f429_439xx.o(STACK) for __initial_sp
    startup_stm32f429_439xx.o(RESET) refers to startup_stm32f429_439xx.o(.text) for Reset_Handler
    startup_stm32f429_439xx.o(RESET) refers to stm32f4xx_it.o(.text) for NMI_Handler
    startup_stm32f429_439xx.o(.text) refers to system_stm32f4xx.o(.text) for SystemInit
    startup_stm32f429_439xx.o(.text) refers to entry.o(.ARM.Collect$$$$00000000) for __main
    stm32f4xx_rcc.o(.text) refers to stm32f4xx_rcc.o(.data) for .data
    stm32f4xx_gpio.o(.text) refers to stm32f4xx_rcc.o(.text) for RCC_AHB1PeriphResetCmd
    stm32f4xx_fmc.o(.text) refers to stm32f4xx_fmc.o(.constdata) for .constdata
    stm32f4xx_ltdc.o(.text) refers to stm32f4xx_rcc.o(.text) for RCC_APB2PeriphResetCmd
    stm32f4xx_spi.o(.text) refers to stm32f4xx_rcc.o(.text) for RCC_APB1PeriphResetCmd
    stm32f4xx_adc.o(.text) refers to stm32f4xx_rcc.o(.text) for RCC_APB2PeriphResetCmd
    tm_stm32f4_delay.o(.text) refers to stm32f4xx_rcc.o(.text) for RCC_HSEConfig
    tm_stm32f4_delay.o(.text) refers to tm_stm32f4_delay.o(.data) for .data
    tm_stm32f4_delay.o(.text) refers to system_stm32f4xx.o(.data) for SystemCoreClock
    tm_stm32f4_disco.o(.text) refers to stm32f4xx_rcc.o(.text) for RCC_AHB1PeriphClockCmd
    tm_stm32f4_disco.o(.text) refers to stm32f4xx_gpio.o(.text) for GPIO_Init
    tm_stm32f4_disco.o(.text) refers to tm_stm32f4_disco.o(.data) for .data
    tm_stm32f4_gpio.o(.text) refers to stm32f4xx_gpio.o(.text) for GPIO_Init
    tm_stm32f4_gpio.o(.text) refers to tm_stm32f4_gpio.o(.data) for .data
    tm_stm32f4_fonts.o(.text) refers to strlen.o(.text) for strlen
    tm_stm32f4_fonts.o(.data) refers to tm_stm32f4_fonts.o(.constdata) for TM_Font7x10
    tm_stm32f4_fonts.o(.data) refers to tm_stm32f4_fonts.o(.constdata) for TM_Font11x18
    tm_stm32f4_fonts.o(.data) refers to tm_stm32f4_fonts.o(.constdata) for TM_Font16x26
    tm_stm32f4_ili9341_ltdc.o(.text) refers to stm32f4xx_ltdc.o(.text) for LTDC_LayerInit
    tm_stm32f4_ili9341_ltdc.o(.text) refers to stm32f4xx_rcc.o(.text) for RCC_PLLSAIConfig
    tm_stm32f4_ili9341_ltdc.o(.text) refers to tm_stm32f4_ili9341_ltdc.o(.bss) for .bss
    tm_stm32f4_ili9341_ltdc.o(.text) refers to tm_stm32f4_gpio.o(.text) for TM_GPIO_Init
    tm_stm32f4_ili9341_ltdc.o(.text) refers to tm_stm32f4_spi.o(.text) for TM_SPI_Init
    tm_stm32f4_ili9341_ltdc.o(.text) refers to tm_stm32f4_sdram.o(.text) for TM_SDRAM_Init
    tm_stm32f4_ili9341_ltdc.o(.text) refers to tm_stm32f4_ili9341_ltdc.o(.data) for .data
    tm_stm32f4_sdram.o(.text) refers to stm32f4xx_fmc.o(.text) for FMC_SDRAMInit
    tm_stm32f4_sdram.o(.text) refers to tm_stm32f4_gpio.o(.text) for TM_GPIO_InitAlternate
    tm_stm32f4_sdram.o(.text) refers to tm_stm32f4_sdram.o(.data) for .data
    tm_stm32f4_spi.o(.text) refers to tm_stm32f4_gpio.o(.text) for TM_GPIO_InitAlternate
    tm_stm32f4_spi.o(.text) refers to stm32f4xx_spi.o(.text) for SPI_StructInit
    tm_stm32f4_spi.o(.text) refers to stm32f4xx_rcc.o(.text) for RCC_GetClocksFreq
    tm_stm32f4_adc.o(.text) refers to stm32f4xx_adc.o(.text) for ADC_CommonInit
    tm_stm32f4_adc.o(.text) refers to tm_stm32f4_gpio.o(.text) for TM_GPIO_Init
    main.o(.text) refers to system_stm32f4xx.o(.text) for SystemInit
    main.o(.text) refers to tm_stm32f4_delay.o(.text) for TM_DELAY_Init
    main.o(.text) refers to tm_stm32f4_adc.o(.text) for TM_ADC_Init
    main.o(.text) refers to tm_stm32f4_ili9341_ltdc.o(.text) for TM_ILI9341_Init
    main.o(.text) refers to main.o(.data) for .data
    main.o(.text) refers to main.o(.bss) for .bss
    stm32f4xx_it.o(.text) refers to tm_stm32f4_delay.o(.text) for TimingDelay_Decrement
    system_stm32f4xx.o(.text) refers to system_stm32f4xx.o(.data) for .data
    entry.o(.ARM.Collect$$$$00000000) refers (Special) to entry10a.o(.ARM.Collect$$$$0000000D) for __rt_final_cpp
    entry.o(.ARM.Collect$$$$00000000) refers (Special) to entry11a.o(.ARM.Collect$$$$0000000F) for __rt_final_exit
    entry.o(.ARM.Collect$$$$00000000) refers (Special) to entry7b.o(.ARM.Collect$$$$00000008) for _main_clock
    entry.o(.ARM.Collect$$$$00000000) refers (Special) to entry8b.o(.ARM.Collect$$$$0000000A) for _main_cpp_init
    entry.o(.ARM.Collect$$$$00000000) refers (Special) to entry9a.o(.ARM.Collect$$$$0000000B) for _main_init
    entry.o(.ARM.Collect$$$$00000000) refers (Special) to entry5.o(.ARM.Collect$$$$00000004) for _main_scatterload
    entry.o(.ARM.Collect$$$$00000000) refers (Special) to entry2.o(.ARM.Collect$$$$00000001) for _main_stk
    entry2.o(.ARM.Collect$$$$00000001) refers to entry2.o(.ARM.Collect$$$$00002712) for __lit__00000000
    entry2.o(.ARM.Collect$$$$00002712) refers to startup_stm32f429_439xx.o(STACK) for __initial_sp
    entry2.o(__vectab_stack_and_reset_area) refers to startup_stm32f429_439xx.o(STACK) for __initial_sp
    entry2.o(__vectab_stack_and_reset_area) refers to entry.o(.ARM.Collect$$$$00000000) for __main
    entry5.o(.ARM.Collect$$$$00000004) refers to init.o(.text) for __scatterload
    entry9a.o(.ARM.Collect$$$$0000000B) refers to main.o(.text) for main
    entry9b.o(.ARM.Collect$$$$0000000C) refers to main.o(.text) for main
    init.o(.text) refers to entry5.o(.ARM.Collect$$$$00000004) for __main_after_scatterload


==============================================================================

Removing Unused input sections from the image.

    Removing startup_stm32f429_439xx.o(HEAP), (512 bytes).
    Removing misc.o(.rev16_text), (4 bytes).
    Removing misc.o(.revsh_text), (4 bytes).
    Removing misc.o(.rrx_text), (6 bytes).
    Removing misc.o(.text), (176 bytes).
    Removing stm32f4xx_rcc.o(.rev16_text), (4 bytes).
    Removing stm32f4xx_rcc.o(.revsh_text), (4 bytes).
    Removing stm32f4xx_rcc.o(.rrx_text), (6 bytes).
    Removing stm32f4xx_gpio.o(.rev16_text), (4 bytes).
    Removing stm32f4xx_gpio.o(.revsh_text), (4 bytes).
    Removing stm32f4xx_gpio.o(.rrx_text), (6 bytes).
    Removing stm32f4xx_fmc.o(.rev16_text), (4 bytes).
    Removing stm32f4xx_fmc.o(.revsh_text), (4 bytes).
    Removing stm32f4xx_fmc.o(.rrx_text), (6 bytes).
    Removing stm32f4xx_ltdc.o(.rev16_text), (4 bytes).
    Removing stm32f4xx_ltdc.o(.revsh_text), (4 bytes).
    Removing stm32f4xx_ltdc.o(.rrx_text), (6 bytes).
    Removing stm32f4xx_spi.o(.rev16_text), (4 bytes).
    Removing stm32f4xx_spi.o(.revsh_text), (4 bytes).
    Removing stm32f4xx_spi.o(.rrx_text), (6 bytes).
    Removing stm32f4xx_adc.o(.rev16_text), (4 bytes).
    Removing stm32f4xx_adc.o(.revsh_text), (4 bytes).
    Removing stm32f4xx_adc.o(.rrx_text), (6 bytes).
    Removing tm_stm32f4_delay.o(.rev16_text), (4 bytes).
    Removing tm_stm32f4_delay.o(.revsh_text), (4 bytes).
    Removing tm_stm32f4_delay.o(.rrx_text), (6 bytes).
    Removing tm_stm32f4_delay.o(.data), (4 bytes).
    Removing tm_stm32f4_disco.o(.rev16_text), (4 bytes).
    Removing tm_stm32f4_disco.o(.revsh_text), (4 bytes).
    Removing tm_stm32f4_disco.o(.rrx_text), (6 bytes).
    Removing tm_stm32f4_disco.o(.text), (156 bytes).
    Removing tm_stm32f4_disco.o(.data), (1 bytes).
    Removing tm_stm32f4_gpio.o(.rev16_text), (4 bytes).
    Removing tm_stm32f4_gpio.o(.revsh_text), (4 bytes).
    Removing tm_stm32f4_gpio.o(.rrx_text), (6 bytes).
    Removing tm_stm32f4_fonts.o(.rev16_text), (4 bytes).
    Removing tm_stm32f4_fonts.o(.revsh_text), (4 bytes).
    Removing tm_stm32f4_fonts.o(.rrx_text), (6 bytes).
    Removing tm_stm32f4_fonts.o(.text), (28 bytes).
    Removing tm_stm32f4_fonts.o(.constdata), (1900 bytes).
    Removing tm_stm32f4_fonts.o(.constdata), (3420 bytes).
    Removing tm_stm32f4_fonts.o(.constdata), (4940 bytes).
    Removing tm_stm32f4_fonts.o(.data), (8 bytes).
    Removing tm_stm32f4_fonts.o(.data), (8 bytes).
    Removing tm_stm32f4_fonts.o(.data), (8 bytes).
    Removing tm_stm32f4_ili9341_ltdc.o(.rev16_text), (4 bytes).
    Removing tm_stm32f4_ili9341_ltdc.o(.revsh_text), (4 bytes).
    Removing tm_stm32f4_ili9341_ltdc.o(.rrx_text), (6 bytes).
    Removing tm_stm32f4_sdram.o(.rev16_text), (4 bytes).
    Removing tm_stm32f4_sdram.o(.revsh_text), (4 bytes).
    Removing tm_stm32f4_sdram.o(.rrx_text), (6 bytes).
    Removing tm_stm32f4_spi.o(.rev16_text), (4 bytes).
    Removing tm_stm32f4_spi.o(.revsh_text), (4 bytes).
    Removing tm_stm32f4_spi.o(.rrx_text), (6 bytes).
    Removing tm_stm32f4_adc.o(.rev16_text), (4 bytes).
    Removing tm_stm32f4_adc.o(.revsh_text), (4 bytes).
    Removing tm_stm32f4_adc.o(.rrx_text), (6 bytes).
    Removing main.o(.rev16_text), (4 bytes).
    Removing main.o(.revsh_text), (4 bytes).
    Removing main.o(.rrx_text), (6 bytes).
    Removing stm32f4xx_it.o(.rev16_text), (4 bytes).
    Removing stm32f4xx_it.o(.revsh_text), (4 bytes).
    Removing stm32f4xx_it.o(.rrx_text), (6 bytes).
    Removing system_stm32f4xx.o(.rev16_text), (4 bytes).
    Removing system_stm32f4xx.o(.revsh_text), (4 bytes).
    Removing system_stm32f4xx.o(.rrx_text), (6 bytes).

66 unused section(s) (total 11413 bytes) removed from the image.

==============================================================================

Image Symbol Table

    Local Symbols

    Symbol Name                              Value     Ov Type        Size  Object(Section)

    ../clib/microlib/init/entry.s            0x00000000   Number         0  entry5.o ABSOLUTE
    ../clib/microlib/init/entry.s            0x00000000   Number         0  entry2.o ABSOLUTE
    ../clib/microlib/init/entry.s            0x00000000   Number         0  entry.o ABSOLUTE
    ../clib/microlib/init/entry.s            0x00000000   Number         0  entry10a.o ABSOLUTE
    ../clib/microlib/init/entry.s            0x00000000   Number         0  entry7b.o ABSOLUTE
    ../clib/microlib/init/entry.s            0x00000000   Number         0  entry8b.o ABSOLUTE
    ../clib/microlib/init/entry.s            0x00000000   Number         0  entry9a.o ABSOLUTE
    ../clib/microlib/init/entry.s            0x00000000   Number         0  entry9b.o ABSOLUTE
    ../clib/microlib/init/entry.s            0x00000000   Number         0  entry11a.o ABSOLUTE
    ../clib/microlib/init/entry.s            0x00000000   Number         0  entry10b.o ABSOLUTE
    ../clib/microlib/init/entry.s            0x00000000   Number         0  entry11b.o ABSOLUTE
    ../clib/microlib/init/entry.s            0x00000000   Number         0  entry8a.o ABSOLUTE
    ../clib/microlib/init/entry.s            0x00000000   Number         0  entry7a.o ABSOLUTE
    ../clib/microlib/string/strlen.c         0x00000000   Number         0  strlen.o ABSOLUTE
    ..\00-STM32F429_LIBRARIES\tm_stm32f4_delay.c 0x00000000   Number         0  tm_stm32f4_delay.o ABSOLUTE
    ..\00-STM32F429_LIBRARIES\tm_stm32f4_disco.c 0x00000000   Number         0  tm_stm32f4_disco.o ABSOLUTE
    ..\00-STM32F429_LIBRARIES\tm_stm32f4_gpio.c 0x00000000   Number         0  tm_stm32f4_gpio.o ABSOLUTE
    ..\00-STM32F4xx_STANDARD_PERIPHERAL_DRIVERS\CMSIS\Device\ST\STM32F4xx\Source\Templates\arm\startup_stm32f429_439xx.s 0x00000000   Number         0  startup_stm32f429_439xx.o ABSOLUTE
    ..\00-STM32F4xx_STANDARD_PERIPHERAL_DRIVERS\STM32F4xx_StdPeriph_Driver\src\misc.c 0x00000000   Number         0  misc.o ABSOLUTE
    ..\00-STM32F4xx_STANDARD_PERIPHERAL_DRIVERS\STM32F4xx_StdPeriph_Driver\src\stm32f4xx_fmc.c 0x00000000   Number         0  stm32f4xx_fmc.o ABSOLUTE
    ..\00-STM32F4xx_STANDARD_PERIPHERAL_DRIVERS\STM32F4xx_StdPeriph_Driver\src\stm32f4xx_gpio.c 0x00000000   Number         0  stm32f4xx_gpio.o ABSOLUTE
    ..\00-STM32F4xx_STANDARD_PERIPHERAL_DRIVERS\STM32F4xx_StdPeriph_Driver\src\stm32f4xx_ltdc.c 0x00000000   Number         0  stm32f4xx_ltdc.o ABSOLUTE
    ..\00-STM32F4xx_STANDARD_PERIPHERAL_DRIVERS\STM32F4xx_StdPeriph_Driver\src\stm32f4xx_rcc.c 0x00000000   Number         0  stm32f4xx_rcc.o ABSOLUTE
    ..\00-STM32F4xx_STANDARD_PERIPHERAL_DRIVERS\STM32F4xx_StdPeriph_Driver\src\stm32f4xx_spi.c 0x00000000   Number         0  stm32f4xx_spi.o ABSOLUTE
    ..\\00-STM32F429_LIBRARIES\\tm_stm32f4_delay.c 0x00000000   Number         0  tm_stm32f4_delay.o ABSOLUTE
    ..\\00-STM32F429_LIBRARIES\\tm_stm32f4_disco.c 0x00000000   Number         0  tm_stm32f4_disco.o ABSOLUTE
    ..\\00-STM32F429_LIBRARIES\\tm_stm32f4_gpio.c 0x00000000   Number         0  tm_stm32f4_gpio.o ABSOLUTE
    ..\\00-STM32F4xx_STANDARD_PERIPHERAL_DRIVERS\\STM32F4xx_StdPeriph_Driver\\src\\misc.c 0x00000000   Number         0  misc.o ABSOLUTE
    ..\\00-STM32F4xx_STANDARD_PERIPHERAL_DRIVERS\\STM32F4xx_StdPeriph_Driver\\src\\stm32f4xx_fmc.c 0x00000000   Number         0  stm32f4xx_fmc.o ABSOLUTE
    ..\\00-STM32F4xx_STANDARD_PERIPHERAL_DRIVERS\\STM32F4xx_StdPeriph_Driver\\src\\stm32f4xx_gpio.c 0x00000000   Number         0  stm32f4xx_gpio.o ABSOLUTE
    ..\\00-STM32F4xx_STANDARD_PERIPHERAL_DRIVERS\\STM32F4xx_StdPeriph_Driver\\src\\stm32f4xx_ltdc.c 0x00000000   Number         0  stm32f4xx_ltdc.o ABSOLUTE
    ..\\00-STM32F4xx_STANDARD_PERIPHERAL_DRIVERS\\STM32F4xx_StdPeriph_Driver\\src\\stm32f4xx_rcc.c 0x00000000   Number         0  stm32f4xx_rcc.o ABSOLUTE
    ..\\00-STM32F4xx_STANDARD_PERIPHERAL_DRIVERS\\STM32F4xx_StdPeriph_Driver\\src\\stm32f4xx_spi.c 0x00000000   Number         0  stm32f4xx_spi.o ABSOLUTE
    TM\\tm_stm32f4_fonts.c                   0x00000000   Number         0  tm_stm32f4_fonts.o ABSOLUTE
    TM\\tm_stm32f4_ili9341_ltdc.c            0x00000000   Number         0  tm_stm32f4_ili9341_ltdc.o ABSOLUTE
    TM\\tm_stm32f4_sdram.c                   0x00000000   Number         0  tm_stm32f4_sdram.o ABSOLUTE
    TM\\tm_stm32f4_spi.c                     0x00000000   Number         0  tm_stm32f4_spi.o ABSOLUTE
    TM\tm_stm32f4_fonts.c                    0x00000000   Number         0  tm_stm32f4_fonts.o ABSOLUTE
    TM\tm_stm32f4_ili9341_ltdc.c             0x00000000   Number         0  tm_stm32f4_ili9341_ltdc.o ABSOLUTE
    TM\tm_stm32f4_sdram.c                    0x00000000   Number         0  tm_stm32f4_sdram.o ABSOLUTE
    TM\tm_stm32f4_spi.c                      0x00000000   Number         0  tm_stm32f4_spi.o ABSOLUTE
    User\\main.c                             0x00000000   Number         0  main.o ABSOLUTE
    User\\stm32f4xx_adc.c                    0x00000000   Number         0  stm32f4xx_adc.o ABSOLUTE
    User\\stm32f4xx_it.c                     0x00000000   Number         0  stm32f4xx_it.o ABSOLUTE
    User\\system_stm32f4xx.c                 0x00000000   Number         0  system_stm32f4xx.o ABSOLUTE
    User\\tm_stm32f4_adc.c                   0x00000000   Number         0  tm_stm32f4_adc.o ABSOLUTE
    User\main.c                              0x00000000   Number         0  main.o ABSOLUTE
    User\stm32f4xx_adc.c                     0x00000000   Number         0  stm32f4xx_adc.o ABSOLUTE
    User\stm32f4xx_it.c                      0x00000000   Number         0  stm32f4xx_it.o ABSOLUTE
    User\system_stm32f4xx.c                  0x00000000   Number         0  system_stm32f4xx.o ABSOLUTE
    User\tm_stm32f4_adc.c                    0x00000000   Number         0  tm_stm32f4_adc.o ABSOLUTE
    dc.s                                     0x00000000   Number         0  dc.o ABSOLUTE
    handlers.s                               0x00000000   Number         0  handlers.o ABSOLUTE
    init.s                                   0x00000000   Number         0  init.o ABSOLUTE
    RESET                                    0x08000000   Section      428  startup_stm32f429_439xx.o(RESET)
    .ARM.Collect$$$$00000000                 0x080001ac   Section        0  entry.o(.ARM.Collect$$$$00000000)
    .ARM.Collect$$$$00000001                 0x080001ac   Section        4  entry2.o(.ARM.Collect$$$$00000001)
    .ARM.Collect$$$$00000004                 0x080001b0   Section        4  entry5.o(.ARM.Collect$$$$00000004)
    .ARM.Collect$$$$00000008                 0x080001b4   Section        0  entry7b.o(.ARM.Collect$$$$00000008)
    .ARM.Collect$$$$0000000A                 0x080001b4   Section        0  entry8b.o(.ARM.Collect$$$$0000000A)
    .ARM.Collect$$$$0000000B                 0x080001b4   Section        8  entry9a.o(.ARM.Collect$$$$0000000B)
    .ARM.Collect$$$$0000000D                 0x080001bc   Section        0  entry10a.o(.ARM.Collect$$$$0000000D)
    .ARM.Collect$$$$0000000F                 0x080001bc   Section        0  entry11a.o(.ARM.Collect$$$$0000000F)
    .ARM.Collect$$$$00002712                 0x080001bc   Section        4  entry2.o(.ARM.Collect$$$$00002712)
    __lit__00000000                          0x080001bc   Data           4  entry2.o(.ARM.Collect$$$$00002712)
    .text                                    0x080001c0   Section       36  startup_stm32f429_439xx.o(.text)
    $v0                                      0x080001c0   Number         0  startup_stm32f429_439xx.o(.text)
    .text                                    0x080001e4   Section        0  stm32f4xx_rcc.o(.text)
    .text                                    0x08000668   Section        0  stm32f4xx_gpio.o(.text)
    .text                                    0x08000874   Section        0  stm32f4xx_fmc.o(.text)
    .text                                    0x08000fcc   Section        0  stm32f4xx_ltdc.o(.text)
    .text                                    0x08001438   Section        0  stm32f4xx_spi.o(.text)
    .text                                    0x08001764   Section        0  stm32f4xx_adc.o(.text)
    .text                                    0x08001ab8   Section        0  tm_stm32f4_delay.o(.text)
    .text                                    0x08001b58   Section        0  tm_stm32f4_gpio.o(.text)
    .text                                    0x08001d40   Section        0  tm_stm32f4_ili9341_ltdc.o(.text)
    TM_SPI_Send                              0x08001d41   Thumb Code    42  tm_stm32f4_ili9341_ltdc.o(.text)
    .text                                    0x08002c7c   Section        0  tm_stm32f4_sdram.o(.text)
    TM_SDRAM_InitPins                        0x08002df1   Thumb Code   120  tm_stm32f4_sdram.o(.text)
    .text                                    0x08002e8c   Section        0  tm_stm32f4_spi.o(.text)
    TM_SPIx_Init                             0x08003003   Thumb Code   290  tm_stm32f4_spi.o(.text)
    .text                                    0x080034c0   Section        0  tm_stm32f4_adc.o(.text)
    .text                                    0x080037ac   Section        0  main.o(.text)
    .text                                    0x0800389c   Section        0  stm32f4xx_it.o(.text)
    .text                                    0x080038b8   Section        0  system_stm32f4xx.o(.text)
    SetSysClock                              0x080038b9   Thumb Code   190  system_stm32f4xx.o(.text)
    .text                                    0x08003a50   Section       36  init.o(.text)
    i.__scatterload_copy                     0x08003a74   Section       14  handlers.o(i.__scatterload_copy)
    i.__scatterload_null                     0x08003a82   Section        2  handlers.o(i.__scatterload_null)
    i.__scatterload_zeroinit                 0x08003a84   Section       14  handlers.o(i.__scatterload_zeroinit)
    .constdata                               0x08003a94   Section       28  stm32f4xx_fmc.o(.constdata)
    .data                                    0x20000000   Section       16  stm32f4xx_rcc.o(.data)
    APBAHBPrescTable                         0x20000000   Data          16  stm32f4xx_rcc.o(.data)
    .data                                    0x20000010   Section       16  tm_stm32f4_delay.o(.data)
    .data                                    0x20000020   Section        8  tm_stm32f4_gpio.o(.data)
    GPIO_InitStruct                          0x20000020   Data           8  tm_stm32f4_gpio.o(.data)
    .data                                    0x20000028   Section        4  tm_stm32f4_ili9341_ltdc.o(.data)
    .data                                    0x2000002c   Section        1  tm_stm32f4_sdram.o(.data)
    initialized                              0x2000002c   Data           1  tm_stm32f4_sdram.o(.data)
    .data                                    0x20000030   Section        4  main.o(.data)
    .data                                    0x20000034   Section       20  system_stm32f4xx.o(.data)
    .bss                                     0x20000048   Section       16  tm_stm32f4_ili9341_ltdc.o(.bss)
    .bss                                     0x20000058   Section    12800  main.o(.bss)
    STACK                                    0x20003258   Section     1024  startup_stm32f429_439xx.o(STACK)

    Global Symbols

    Symbol Name                              Value     Ov Type        Size  Object(Section)

    BuildAttributes$$THM_ISAv4$E$P$D$K$B$S$7EM$VFPi3$EXTD16$VFPS$VFMA$PE$A:L22UL41UL21$X:L11$S22US41US21$IEEE1$IW$USESV6$~STKCKD$USESV7$~SHL$OSPACE$EBA8$MICROLIB$REQ8$PRES8$EABIv2 0x00000000   Number         0  anon$$obj.o ABSOLUTE
    __ARM_use_no_argv                        0x00000000   Number         0  main.o ABSOLUTE
    TM_DELAY_1msHandler                       - Undefined Weak Reference
    TM_SPI_InitCustomPinsCallback             - Undefined Weak Reference
    __cpp_initialize__aeabi_                  - Undefined Weak Reference
    __cxa_finalize                            - Undefined Weak Reference
    __decompress                              - Undefined Weak Reference
    _clock_init                               - Undefined Weak Reference
    _microlib_exit                            - Undefined Weak Reference
    __Vectors_Size                           0x000001ac   Number         0  startup_stm32f429_439xx.o ABSOLUTE
    __Vectors                                0x08000000   Data           4  startup_stm32f429_439xx.o(RESET)
    __Vectors_End                            0x080001ac   Data           0  startup_stm32f429_439xx.o(RESET)
    __main                                   0x080001ad   Thumb Code     0  entry.o(.ARM.Collect$$$$00000000)
    _main_stk                                0x080001ad   Thumb Code     0  entry2.o(.ARM.Collect$$$$00000001)
    _main_scatterload                        0x080001b1   Thumb Code     0  entry5.o(.ARM.Collect$$$$00000004)
    __main_after_scatterload                 0x080001b5   Thumb Code     0  entry5.o(.ARM.Collect$$$$00000004)
    _main_clock                              0x080001b5   Thumb Code     0  entry7b.o(.ARM.Collect$$$$00000008)
    _main_cpp_init                           0x080001b5   Thumb Code     0  entry8b.o(.ARM.Collect$$$$0000000A)
    _main_init                               0x080001b5   Thumb Code     0  entry9a.o(.ARM.Collect$$$$0000000B)
    __rt_final_cpp                           0x080001bd   Thumb Code     0  entry10a.o(.ARM.Collect$$$$0000000D)
    __rt_final_exit                          0x080001bd   Thumb Code     0  entry11a.o(.ARM.Collect$$$$0000000F)
    Reset_Handler                            0x080001c1   Thumb Code     8  startup_stm32f429_439xx.o(.text)
    ADC_IRQHandler                           0x080001db   Thumb Code     0  startup_stm32f429_439xx.o(.text)
    CAN1_RX0_IRQHandler                      0x080001db   Thumb Code     0  startup_stm32f429_439xx.o(.text)
    CAN1_RX1_IRQHandler                      0x080001db   Thumb Code     0  startup_stm32f429_439xx.o(.text)
    CAN1_SCE_IRQHandler                      0x080001db   Thumb Code     0  startup_stm32f429_439xx.o(.text)
    CAN1_TX_IRQHandler                       0x080001db   Thumb Code     0  startup_stm32f429_439xx.o(.text)
    CAN2_RX0_IRQHandler                      0x080001db   Thumb Code     0  startup_stm32f429_439xx.o(.text)
    CAN2_RX1_IRQHandler                      0x080001db   Thumb Code     0  startup_stm32f429_439xx.o(.text)
    CAN2_SCE_IRQHandler                      0x080001db   Thumb Code     0  startup_stm32f429_439xx.o(.text)
    CAN2_TX_IRQHandler                       0x080001db   Thumb Code     0  startup_stm32f429_439xx.o(.text)
    CRYP_IRQHandler                          0x080001db   Thumb Code     0  startup_stm32f429_439xx.o(.text)
    DCMI_IRQHandler                          0x080001db   Thumb Code     0  startup_stm32f429_439xx.o(.text)
    DMA1_Stream0_IRQHandler                  0x080001db   Thumb Code     0  startup_stm32f429_439xx.o(.text)
    DMA1_Stream1_IRQHandler                  0x080001db   Thumb Code     0  startup_stm32f429_439xx.o(.text)
    DMA1_Stream2_IRQHandler                  0x080001db   Thumb Code     0  startup_stm32f429_439xx.o(.text)
    DMA1_Stream3_IRQHandler                  0x080001db   Thumb Code     0  startup_stm32f429_439xx.o(.text)
    DMA1_Stream4_IRQHandler                  0x080001db   Thumb Code     0  startup_stm32f429_439xx.o(.text)
    DMA1_Stream5_IRQHandler                  0x080001db   Thumb Code     0  startup_stm32f429_439xx.o(.text)
    DMA1_Stream6_IRQHandler                  0x080001db   Thumb Code     0  startup_stm32f429_439xx.o(.text)
    DMA1_Stream7_IRQHandler                  0x080001db   Thumb Code     0  startup_stm32f429_439xx.o(.text)
    DMA2D_IRQHandler                         0x080001db   Thumb Code     0  startup_stm32f429_439xx.o(.text)
    DMA2_Stream0_IRQHandler                  0x080001db   Thumb Code     0  startup_stm32f429_439xx.o(.text)
    DMA2_Stream1_IRQHandler                  0x080001db   Thumb Code     0  startup_stm32f429_439xx.o(.text)
    DMA2_Stream2_IRQHandler                  0x080001db   Thumb Code     0  startup_stm32f429_439xx.o(.text)
    DMA2_Stream3_IRQHandler                  0x080001db   Thumb Code     0  startup_stm32f429_439xx.o(.text)
    DMA2_Stream4_IRQHandler                  0x080001db   Thumb Code     0  startup_stm32f429_439xx.o(.text)
    DMA2_Stream5_IRQHandler                  0x080001db   Thumb Code     0  startup_stm32f429_439xx.o(.text)
    DMA2_Stream6_IRQHandler                  0x080001db   Thumb Code     0  startup_stm32f429_439xx.o(.text)
    DMA2_Stream7_IRQHandler                  0x080001db   Thumb Code     0  startup_stm32f429_439xx.o(.text)
    ETH_IRQHandler                           0x080001db   Thumb Code     0  startup_stm32f429_439xx.o(.text)
    ETH_WKUP_IRQHandler                      0x080001db   Thumb Code     0  startup_stm32f429_439xx.o(.text)
    EXTI0_IRQHandler                         0x080001db   Thumb Code     0  startup_stm32f429_439xx.o(.text)
    EXTI15_10_IRQHandler                     0x080001db   Thumb Code     0  startup_stm32f429_439xx.o(.text)
    EXTI1_IRQHandler                         0x080001db   Thumb Code     0  startup_stm32f429_439xx.o(.text)
    EXTI2_IRQHandler                         0x080001db   Thumb Code     0  startup_stm32f429_439xx.o(.text)
    EXTI3_IRQHandler                         0x080001db   Thumb Code     0  startup_stm32f429_439xx.o(.text)
    EXTI4_IRQHandler                         0x080001db   Thumb Code     0  startup_stm32f429_439xx.o(.text)
    EXTI9_5_IRQHandler                       0x080001db   Thumb Code     0  startup_stm32f429_439xx.o(.text)
    FLASH_IRQHandler                         0x080001db   Thumb Code     0  startup_stm32f429_439xx.o(.text)
    FMC_IRQHandler                           0x080001db   Thumb Code     0  startup_stm32f429_439xx.o(.text)
    FPU_IRQHandler                           0x080001db   Thumb Code     0  startup_stm32f429_439xx.o(.text)
    HASH_RNG_IRQHandler                      0x080001db   Thumb Code     0  startup_stm32f429_439xx.o(.text)
    I2C1_ER_IRQHandler                       0x080001db   Thumb Code     0  startup_stm32f429_439xx.o(.text)
    I2C1_EV_IRQHandler                       0x080001db   Thumb Code     0  startup_stm32f429_439xx.o(.text)
    I2C2_ER_IRQHandler                       0x080001db   Thumb Code     0  startup_stm32f429_439xx.o(.text)
    I2C2_EV_IRQHandler                       0x080001db   Thumb Code     0  startup_stm32f429_439xx.o(.text)
    I2C3_ER_IRQHandler                       0x080001db   Thumb Code     0  startup_stm32f429_439xx.o(.text)
    I2C3_EV_IRQHandler                       0x080001db   Thumb Code     0  startup_stm32f429_439xx.o(.text)
    LTDC_ER_IRQHandler                       0x080001db   Thumb Code     0  startup_stm32f429_439xx.o(.text)
    LTDC_IRQHandler                          0x080001db   Thumb Code     0  startup_stm32f429_439xx.o(.text)
    OTG_FS_IRQHandler                        0x080001db   Thumb Code     0  startup_stm32f429_439xx.o(.text)
    OTG_FS_WKUP_IRQHandler                   0x080001db   Thumb Code     0  startup_stm32f429_439xx.o(.text)
    OTG_HS_EP1_IN_IRQHandler                 0x080001db   Thumb Code     0  startup_stm32f429_439xx.o(.text)
    OTG_HS_EP1_OUT_IRQHandler                0x080001db   Thumb Code     0  startup_stm32f429_439xx.o(.text)
    OTG_HS_IRQHandler                        0x080001db   Thumb Code     0  startup_stm32f429_439xx.o(.text)
    OTG_HS_WKUP_IRQHandler                   0x080001db   Thumb Code     0  startup_stm32f429_439xx.o(.text)
    PVD_IRQHandler                           0x080001db   Thumb Code     0  startup_stm32f429_439xx.o(.text)
    RCC_IRQHandler                           0x080001db   Thumb Code     0  startup_stm32f429_439xx.o(.text)
    RTC_Alarm_IRQHandler                     0x080001db   Thumb Code     0  startup_stm32f429_439xx.o(.text)
    RTC_WKUP_IRQHandler                      0x080001db   Thumb Code     0  startup_stm32f429_439xx.o(.text)
    SAI1_IRQHandler                          0x080001db   Thumb Code     0  startup_stm32f429_439xx.o(.text)
    SDIO_IRQHandler                          0x080001db   Thumb Code     0  startup_stm32f429_439xx.o(.text)
    SPI1_IRQHandler                          0x080001db   Thumb Code     0  startup_stm32f429_439xx.o(.text)
    SPI2_IRQHandler                          0x080001db   Thumb Code     0  startup_stm32f429_439xx.o(.text)
    SPI3_IRQHandler                          0x080001db   Thumb Code     0  startup_stm32f429_439xx.o(.text)
    SPI4_IRQHandler                          0x080001db   Thumb Code     0  startup_stm32f429_439xx.o(.text)
    SPI5_IRQHandler                          0x080001db   Thumb Code     0  startup_stm32f429_439xx.o(.text)
    SPI6_IRQHandler                          0x080001db   Thumb Code     0  startup_stm32f429_439xx.o(.text)
    TAMP_STAMP_IRQHandler                    0x080001db   Thumb Code     0  startup_stm32f429_439xx.o(.text)
    TIM1_BRK_TIM9_IRQHandler                 0x080001db   Thumb Code     0  startup_stm32f429_439xx.o(.text)
    TIM1_CC_IRQHandler                       0x080001db   Thumb Code     0  startup_stm32f429_439xx.o(.text)
    TIM1_TRG_COM_TIM11_IRQHandler            0x080001db   Thumb Code     0  startup_stm32f429_439xx.o(.text)
    TIM1_UP_TIM10_IRQHandler                 0x080001db   Thumb Code     0  startup_stm32f429_439xx.o(.text)
    TIM2_IRQHandler                          0x080001db   Thumb Code     0  startup_stm32f429_439xx.o(.text)
    TIM3_IRQHandler                          0x080001db   Thumb Code     0  startup_stm32f429_439xx.o(.text)
    TIM4_IRQHandler                          0x080001db   Thumb Code     0  startup_stm32f429_439xx.o(.text)
    TIM5_IRQHandler                          0x080001db   Thumb Code     0  startup_stm32f429_439xx.o(.text)
    TIM6_DAC_IRQHandler                      0x080001db   Thumb Code     0  startup_stm32f429_439xx.o(.text)
    TIM7_IRQHandler                          0x080001db   Thumb Code     0  startup_stm32f429_439xx.o(.text)
    TIM8_BRK_TIM12_IRQHandler                0x080001db   Thumb Code     0  startup_stm32f429_439xx.o(.text)
    TIM8_CC_IRQHandler                       0x080001db   Thumb Code     0  startup_stm32f429_439xx.o(.text)
    TIM8_TRG_COM_TIM14_IRQHandler            0x080001db   Thumb Code     0  startup_stm32f429_439xx.o(.text)
    TIM8_UP_TIM13_IRQHandler                 0x080001db   Thumb Code     0  startup_stm32f429_439xx.o(.text)
    UART4_IRQHandler                         0x080001db   Thumb Code     0  startup_stm32f429_439xx.o(.text)
    UART5_IRQHandler                         0x080001db   Thumb Code     0  startup_stm32f429_439xx.o(.text)
    UART7_IRQHandler                         0x080001db   Thumb Code     0  startup_stm32f429_439xx.o(.text)
    UART8_IRQHandler                         0x080001db   Thumb Code     0  startup_stm32f429_439xx.o(.text)
    USART1_IRQHandler                        0x080001db   Thumb Code     0  startup_stm32f429_439xx.o(.text)
    USART2_IRQHandler                        0x080001db   Thumb Code     0  startup_stm32f429_439xx.o(.text)
    USART3_IRQHandler                        0x080001db   Thumb Code     0  startup_stm32f429_439xx.o(.text)
    USART6_IRQHandler                        0x080001db   Thumb Code     0  startup_stm32f429_439xx.o(.text)
    WWDG_IRQHandler                          0x080001db   Thumb Code     0  startup_stm32f429_439xx.o(.text)
    RCC_DeInit                               0x080001e5   Thumb Code    68  stm32f4xx_rcc.o(.text)
    RCC_HSEConfig                            0x08000229   Thumb Code    12  stm32f4xx_rcc.o(.text)
    RCC_GetFlagStatus                        0x08000235   Thumb Code    46  stm32f4xx_rcc.o(.text)
    RCC_WaitForHSEStartUp                    0x08000263   Thumb Code    44  stm32f4xx_rcc.o(.text)
    RCC_AdjustHSICalibrationValue            0x0800028f   Thumb Code    16  stm32f4xx_rcc.o(.text)
    RCC_HSICmd                               0x0800029f   Thumb Code     6  stm32f4xx_rcc.o(.text)
    RCC_LSEConfig                            0x080002a5   Thumb Code    24  stm32f4xx_rcc.o(.text)
    RCC_LSICmd                               0x080002bd   Thumb Code     6  stm32f4xx_rcc.o(.text)
    RCC_PLLConfig                            0x080002c3   Thumb Code    32  stm32f4xx_rcc.o(.text)
    RCC_PLLCmd                               0x080002e3   Thumb Code     6  stm32f4xx_rcc.o(.text)
    RCC_PLLI2SConfig                         0x080002e9   Thumb Code    18  stm32f4xx_rcc.o(.text)
    RCC_PLLI2SCmd                            0x080002fb   Thumb Code     6  stm32f4xx_rcc.o(.text)
    RCC_PLLSAIConfig                         0x08000301   Thumb Code    18  stm32f4xx_rcc.o(.text)
    RCC_PLLSAICmd                            0x08000313   Thumb Code     6  stm32f4xx_rcc.o(.text)
    RCC_ClockSecuritySystemCmd               0x08000319   Thumb Code     6  stm32f4xx_rcc.o(.text)
    RCC_MCO1Config                           0x0800031f   Thumb Code    18  stm32f4xx_rcc.o(.text)
    RCC_MCO2Config                           0x08000331   Thumb Code    18  stm32f4xx_rcc.o(.text)
    RCC_SYSCLKConfig                         0x08000343   Thumb Code    16  stm32f4xx_rcc.o(.text)
    RCC_GetSYSCLKSource                      0x08000353   Thumb Code    12  stm32f4xx_rcc.o(.text)
    RCC_HCLKConfig                           0x0800035f   Thumb Code    16  stm32f4xx_rcc.o(.text)
    RCC_PCLK1Config                          0x0800036f   Thumb Code    16  stm32f4xx_rcc.o(.text)
    RCC_PCLK2Config                          0x0800037f   Thumb Code    18  stm32f4xx_rcc.o(.text)
    RCC_GetClocksFreq                        0x08000391   Thumb Code   134  stm32f4xx_rcc.o(.text)
    RCC_RTCCLKConfig                         0x08000417   Thumb Code    42  stm32f4xx_rcc.o(.text)
    RCC_RTCCLKCmd                            0x08000441   Thumb Code     8  stm32f4xx_rcc.o(.text)
    RCC_BackupResetCmd                       0x08000449   Thumb Code     8  stm32f4xx_rcc.o(.text)
    RCC_I2SCLKConfig                         0x08000451   Thumb Code     8  stm32f4xx_rcc.o(.text)
    RCC_SAIBlockACLKConfig                   0x08000459   Thumb Code    16  stm32f4xx_rcc.o(.text)
    RCC_SAIBlockBCLKConfig                   0x08000469   Thumb Code    16  stm32f4xx_rcc.o(.text)
    RCC_SAIPLLI2SClkDivConfig                0x08000479   Thumb Code    18  stm32f4xx_rcc.o(.text)
    RCC_SAIPLLSAIClkDivConfig                0x0800048b   Thumb Code    24  stm32f4xx_rcc.o(.text)
    RCC_LTDCCLKDivConfig                     0x080004a3   Thumb Code    16  stm32f4xx_rcc.o(.text)
    RCC_TIMCLKPresConfig                     0x080004b3   Thumb Code     8  stm32f4xx_rcc.o(.text)
    RCC_AHB1PeriphClockCmd                   0x080004bb   Thumb Code    20  stm32f4xx_rcc.o(.text)
    RCC_AHB2PeriphClockCmd                   0x080004cf   Thumb Code    20  stm32f4xx_rcc.o(.text)
    RCC_AHB3PeriphClockCmd                   0x080004e3   Thumb Code    20  stm32f4xx_rcc.o(.text)
    RCC_APB1PeriphClockCmd                   0x080004f7   Thumb Code    20  stm32f4xx_rcc.o(.text)
    RCC_APB2PeriphClockCmd                   0x0800050b   Thumb Code    20  stm32f4xx_rcc.o(.text)
    RCC_AHB1PeriphResetCmd                   0x0800051f   Thumb Code    20  stm32f4xx_rcc.o(.text)
    RCC_AHB2PeriphResetCmd                   0x08000533   Thumb Code    20  stm32f4xx_rcc.o(.text)
    RCC_AHB3PeriphResetCmd                   0x08000547   Thumb Code    20  stm32f4xx_rcc.o(.text)
    RCC_APB1PeriphResetCmd                   0x0800055b   Thumb Code    20  stm32f4xx_rcc.o(.text)
    RCC_APB2PeriphResetCmd                   0x0800056f   Thumb Code    20  stm32f4xx_rcc.o(.text)
    RCC_AHB1PeriphClockLPModeCmd             0x08000583   Thumb Code    20  stm32f4xx_rcc.o(.text)
    RCC_AHB2PeriphClockLPModeCmd             0x08000597   Thumb Code    20  stm32f4xx_rcc.o(.text)
    RCC_AHB3PeriphClockLPModeCmd             0x080005ab   Thumb Code    20  stm32f4xx_rcc.o(.text)
    RCC_APB1PeriphClockLPModeCmd             0x080005bf   Thumb Code    64  stm32f4xx_rcc.o(.text)
    RCC_APB2PeriphClockLPModeCmd             0x080005ff   Thumb Code    18  stm32f4xx_rcc.o(.text)
    RCC_LSEModeConfig                        0x08000611   Thumb Code    24  stm32f4xx_rcc.o(.text)
    RCC_ITConfig                             0x08000629   Thumb Code    20  stm32f4xx_rcc.o(.text)
    RCC_ClearFlag                            0x0800063d   Thumb Code    14  stm32f4xx_rcc.o(.text)
    RCC_GetITStatus                          0x0800064b   Thumb Code    18  stm32f4xx_rcc.o(.text)
    RCC_ClearITPendingBit                    0x0800065d   Thumb Code     8  stm32f4xx_rcc.o(.text)
    GPIO_DeInit                              0x08000669   Thumb Code   216  stm32f4xx_gpio.o(.text)
    GPIO_Init                                0x08000741   Thumb Code   120  stm32f4xx_gpio.o(.text)
    GPIO_StructInit                          0x080007b9   Thumb Code    18  stm32f4xx_gpio.o(.text)
    GPIO_PinLockConfig                       0x080007cb   Thumb Code    24  stm32f4xx_gpio.o(.text)
    GPIO_ReadInputDataBit                    0x080007e3   Thumb Code    14  stm32f4xx_gpio.o(.text)
    GPIO_ReadInputData                       0x080007f1   Thumb Code     6  stm32f4xx_gpio.o(.text)
    GPIO_ReadOutputDataBit                   0x080007f7   Thumb Code    14  stm32f4xx_gpio.o(.text)
    GPIO_ReadOutputData                      0x08000805   Thumb Code     6  stm32f4xx_gpio.o(.text)
    GPIO_SetBits                             0x0800080b   Thumb Code     4  stm32f4xx_gpio.o(.text)
    GPIO_ResetBits                           0x0800080f   Thumb Code     4  stm32f4xx_gpio.o(.text)
    GPIO_WriteBit                            0x08000813   Thumb Code    10  stm32f4xx_gpio.o(.text)
    GPIO_Write                               0x0800081d   Thumb Code     4  stm32f4xx_gpio.o(.text)
    GPIO_ToggleBits                          0x08000821   Thumb Code     8  stm32f4xx_gpio.o(.text)
    GPIO_PinAFConfig                         0x08000829   Thumb Code    32  stm32f4xx_gpio.o(.text)
    FMC_NORSRAMDeInit                        0x08000875   Thumb Code    38  stm32f4xx_fmc.o(.text)
    FMC_NORSRAMInit                          0x0800089b   Thumb Code   264  stm32f4xx_fmc.o(.text)
    FMC_NORSRAMStructInit                    0x080009a3   Thumb Code    46  stm32f4xx_fmc.o(.text)
    FMC_NORSRAMCmd                           0x080009d1   Thumb Code    26  stm32f4xx_fmc.o(.text)
    FMC_NANDDeInit                           0x080009eb   Thumb Code    40  stm32f4xx_fmc.o(.text)
    FMC_NANDInit                             0x08000a13   Thumb Code   158  stm32f4xx_fmc.o(.text)
    FMC_NANDStructInit                       0x08000ab1   Thumb Code    54  stm32f4xx_fmc.o(.text)
    FMC_NANDCmd                              0x08000ae7   Thumb Code    54  stm32f4xx_fmc.o(.text)
    FMC_NANDECCCmd                           0x08000b1d   Thumb Code    54  stm32f4xx_fmc.o(.text)
    FMC_GetECC                               0x08000b53   Thumb Code    18  stm32f4xx_fmc.o(.text)
    FMC_PCCARDDeInit                         0x08000b65   Thumb Code    26  stm32f4xx_fmc.o(.text)
    FMC_PCCARDInit                           0x08000b7f   Thumb Code   116  stm32f4xx_fmc.o(.text)
    FMC_PCCARDStructInit                     0x08000bf3   Thumb Code    60  stm32f4xx_fmc.o(.text)
    FMC_PCCARDCmd                            0x08000c2f   Thumb Code    28  stm32f4xx_fmc.o(.text)
    FMC_SDRAMDeInit                          0x08000c4b   Thumb Code    42  stm32f4xx_fmc.o(.text)
    FMC_SDRAMInit                            0x08000c75   Thumb Code   308  stm32f4xx_fmc.o(.text)
    FMC_SDRAMStructInit                      0x08000da9   Thumb Code    60  stm32f4xx_fmc.o(.text)
    FMC_SDRAMCmdConfig                       0x08000de5   Thumb Code    34  stm32f4xx_fmc.o(.text)
    FMC_GetModeStatus                        0x08000e07   Thumb Code    26  stm32f4xx_fmc.o(.text)
    FMC_SetRefreshCount                      0x08000e21   Thumb Code    18  stm32f4xx_fmc.o(.text)
    FMC_SetAutoRefresh_Number                0x08000e33   Thumb Code    18  stm32f4xx_fmc.o(.text)
    FMC_SDRAMWriteProtectionConfig           0x08000e45   Thumb Code    32  stm32f4xx_fmc.o(.text)
    FMC_ITConfig                             0x08000e65   Thumb Code   102  stm32f4xx_fmc.o(.text)
    FMC_GetFlagStatus                        0x08000ecb   Thumb Code    54  stm32f4xx_fmc.o(.text)
    FMC_ClearFlag                            0x08000f01   Thumb Code    56  stm32f4xx_fmc.o(.text)
    FMC_GetITStatus                          0x08000f39   Thumb Code    80  stm32f4xx_fmc.o(.text)
    FMC_ClearITPendingBit                    0x08000f89   Thumb Code    62  stm32f4xx_fmc.o(.text)
    LTDC_DeInit                              0x08000fcd   Thumb Code    24  stm32f4xx_ltdc.o(.text)
    LTDC_Init                                0x08000fe5   Thumb Code   156  stm32f4xx_ltdc.o(.text)
    LTDC_StructInit                          0x08001081   Thumb Code    34  stm32f4xx_ltdc.o(.text)
    LTDC_Cmd                                 0x080010a3   Thumb Code    24  stm32f4xx_ltdc.o(.text)
    LTDC_DitherCmd                           0x080010bb   Thumb Code    24  stm32f4xx_ltdc.o(.text)
    LTDC_GetRGBWidth                         0x080010d3   Thumb Code    38  stm32f4xx_ltdc.o(.text)
    LTDC_RGBStructInit                       0x080010f9   Thumb Code    10  stm32f4xx_ltdc.o(.text)
    LTDC_LIPConfig                           0x08001103   Thumb Code     8  stm32f4xx_ltdc.o(.text)
    LTDC_ReloadConfig                        0x0800110b   Thumb Code     8  stm32f4xx_ltdc.o(.text)
    LTDC_LayerInit                           0x08001113   Thumb Code   150  stm32f4xx_ltdc.o(.text)
    LTDC_LayerStructInit                     0x080011a9   Thumb Code    44  stm32f4xx_ltdc.o(.text)
    LTDC_LayerCmd                            0x080011d5   Thumb Code    20  stm32f4xx_ltdc.o(.text)
    LTDC_GetPosStatus                        0x080011e9   Thumb Code    24  stm32f4xx_ltdc.o(.text)
    LTDC_PosStructInit                       0x08001201   Thumb Code     8  stm32f4xx_ltdc.o(.text)
    LTDC_GetCDStatus                         0x08001209   Thumb Code    18  stm32f4xx_ltdc.o(.text)
    LTDC_ColorKeyingConfig                   0x0800121b   Thumb Code    60  stm32f4xx_ltdc.o(.text)
    LTDC_ColorKeyingStructInit               0x08001257   Thumb Code    10  stm32f4xx_ltdc.o(.text)
    LTDC_CLUTCmd                             0x08001261   Thumb Code    28  stm32f4xx_ltdc.o(.text)
    LTDC_CLUTInit                            0x0800127d   Thumb Code    26  stm32f4xx_ltdc.o(.text)
    LTDC_CLUTStructInit                      0x08001297   Thumb Code    12  stm32f4xx_ltdc.o(.text)
    LTDC_LayerPosition                       0x080012a3   Thumb Code   114  stm32f4xx_ltdc.o(.text)
    LTDC_LayerAlpha                          0x08001315   Thumb Code     4  stm32f4xx_ltdc.o(.text)
    LTDC_LayerAddress                        0x08001319   Thumb Code     4  stm32f4xx_ltdc.o(.text)
    LTDC_LayerSize                           0x0800131d   Thumb Code    86  stm32f4xx_ltdc.o(.text)
    LTDC_LayerPixelFormat                    0x08001373   Thumb Code   110  stm32f4xx_ltdc.o(.text)
    LTDC_ITConfig                            0x080013e1   Thumb Code    18  stm32f4xx_ltdc.o(.text)
    LTDC_GetFlagStatus                       0x080013f3   Thumb Code    18  stm32f4xx_ltdc.o(.text)
    LTDC_ClearFlag                           0x08001405   Thumb Code     8  stm32f4xx_ltdc.o(.text)
    LTDC_GetITStatus                         0x0800140d   Thumb Code    32  stm32f4xx_ltdc.o(.text)
    LTDC_ClearITPendingBit                   0x0800142d   Thumb Code     8  stm32f4xx_ltdc.o(.text)
    SPI_I2S_DeInit                           0x08001439   Thumb Code   108  stm32f4xx_spi.o(.text)
    SPI_Init                                 0x080014a5   Thumb Code    56  stm32f4xx_spi.o(.text)
    I2S_Init                                 0x080014dd   Thumb Code   198  stm32f4xx_spi.o(.text)
    SPI_StructInit                           0x080015a3   Thumb Code    24  stm32f4xx_spi.o(.text)
    I2S_StructInit                           0x080015bb   Thumb Code    18  stm32f4xx_spi.o(.text)
    SPI_Cmd                                  0x080015cd   Thumb Code    20  stm32f4xx_spi.o(.text)
    I2S_Cmd                                  0x080015e1   Thumb Code    20  stm32f4xx_spi.o(.text)
    SPI_DataSizeConfig                       0x080015f5   Thumb Code    16  stm32f4xx_spi.o(.text)
    SPI_BiDirectionalLineConfig              0x08001605   Thumb Code    22  stm32f4xx_spi.o(.text)
    SPI_NSSInternalSoftwareConfig            0x0800161b   Thumb Code    24  stm32f4xx_spi.o(.text)
    SPI_SSOutputCmd                          0x08001633   Thumb Code    20  stm32f4xx_spi.o(.text)
    SPI_TIModeCmd                            0x08001647   Thumb Code    20  stm32f4xx_spi.o(.text)
    I2S_FullDuplexConfig                     0x0800165b   Thumb Code    58  stm32f4xx_spi.o(.text)
    SPI_I2S_ReceiveData                      0x08001695   Thumb Code     4  stm32f4xx_spi.o(.text)
    SPI_I2S_SendData                         0x08001699   Thumb Code     4  stm32f4xx_spi.o(.text)
    SPI_CalculateCRC                         0x0800169d   Thumb Code    20  stm32f4xx_spi.o(.text)
    SPI_TransmitCRC                          0x080016b1   Thumb Code    10  stm32f4xx_spi.o(.text)
    SPI_GetCRC                               0x080016bb   Thumb Code    12  stm32f4xx_spi.o(.text)
    SPI_GetCRCPolynomial                     0x080016c7   Thumb Code     4  stm32f4xx_spi.o(.text)
    SPI_I2S_DMACmd                           0x080016cb   Thumb Code    16  stm32f4xx_spi.o(.text)
    SPI_I2S_ITConfig                         0x080016db   Thumb Code    24  stm32f4xx_spi.o(.text)
    SPI_I2S_GetFlagStatus                    0x080016f3   Thumb Code    14  stm32f4xx_spi.o(.text)
    SPI_I2S_ClearFlag                        0x08001701   Thumb Code     6  stm32f4xx_spi.o(.text)
    SPI_I2S_GetITStatus                      0x08001707   Thumb Code    44  stm32f4xx_spi.o(.text)
    SPI_I2S_ClearITPendingBit                0x08001733   Thumb Code    14  stm32f4xx_spi.o(.text)
    ADC_DeInit                               0x08001765   Thumb Code    24  stm32f4xx_adc.o(.text)
    ADC_Init                                 0x0800177d   Thumb Code    66  stm32f4xx_adc.o(.text)
    ADC_StructInit                           0x080017bf   Thumb Code    20  stm32f4xx_adc.o(.text)
    ADC_CommonInit                           0x080017d3   Thumb Code    34  stm32f4xx_adc.o(.text)
    ADC_CommonStructInit                     0x080017f5   Thumb Code    12  stm32f4xx_adc.o(.text)
    ADC_Cmd                                  0x08001801   Thumb Code    20  stm32f4xx_adc.o(.text)
    ADC_AnalogWatchdogCmd                    0x08001815   Thumb Code    12  stm32f4xx_adc.o(.text)
    ADC_AnalogWatchdogThresholdsConfig       0x08001821   Thumb Code     6  stm32f4xx_adc.o(.text)
    ADC_AnalogWatchdogSingleChannelConfig    0x08001827   Thumb Code    12  stm32f4xx_adc.o(.text)
    ADC_TempSensorVrefintCmd                 0x08001833   Thumb Code    26  stm32f4xx_adc.o(.text)
    ADC_VBATCmd                              0x0800184d   Thumb Code    26  stm32f4xx_adc.o(.text)
    ADC_RegularChannelConfig                 0x08001867   Thumb Code   116  stm32f4xx_adc.o(.text)
    ADC_SoftwareStartConv                    0x080018db   Thumb Code    10  stm32f4xx_adc.o(.text)
    ADC_GetSoftwareStartConvStatus           0x080018e5   Thumb Code    14  stm32f4xx_adc.o(.text)
    ADC_EOCOnEachRegularChannelCmd           0x080018f3   Thumb Code    20  stm32f4xx_adc.o(.text)
    ADC_ContinuousModeCmd                    0x08001907   Thumb Code    20  stm32f4xx_adc.o(.text)
    ADC_DiscModeChannelCountConfig           0x0800191b   Thumb Code    16  stm32f4xx_adc.o(.text)
    ADC_DiscModeCmd                          0x0800192b   Thumb Code    20  stm32f4xx_adc.o(.text)
    ADC_GetConversionValue                   0x0800193f   Thumb Code     6  stm32f4xx_adc.o(.text)
    ADC_GetMultiModeConversionValue          0x08001945   Thumb Code     8  stm32f4xx_adc.o(.text)
    ADC_DMACmd                               0x0800194d   Thumb Code    20  stm32f4xx_adc.o(.text)
    ADC_DMARequestAfterLastTransferCmd       0x08001961   Thumb Code    20  stm32f4xx_adc.o(.text)
    ADC_MultiModeDMARequestAfterLastTransferCmd 0x08001975   Thumb Code    26  stm32f4xx_adc.o(.text)
    ADC_InjectedChannelConfig                0x0800198f   Thumb Code    74  stm32f4xx_adc.o(.text)
    ADC_InjectedSequencerLengthConfig        0x080019d9   Thumb Code    16  stm32f4xx_adc.o(.text)
    ADC_SetInjectedOffset                    0x080019e9   Thumb Code    10  stm32f4xx_adc.o(.text)
    ADC_ExternalTrigInjectedConvConfig       0x080019f3   Thumb Code    12  stm32f4xx_adc.o(.text)
    ADC_ExternalTrigInjectedConvEdgeConfig   0x080019ff   Thumb Code    12  stm32f4xx_adc.o(.text)
    ADC_SoftwareStartInjectedConv            0x08001a0b   Thumb Code    10  stm32f4xx_adc.o(.text)
    ADC_GetSoftwareStartInjectedConvCmdStatus 0x08001a15   Thumb Code    14  stm32f4xx_adc.o(.text)
    ADC_AutoInjectedConvCmd                  0x08001a23   Thumb Code    20  stm32f4xx_adc.o(.text)
    ADC_InjectedDiscModeCmd                  0x08001a37   Thumb Code    20  stm32f4xx_adc.o(.text)
    ADC_GetInjectedConversionValue           0x08001a4b   Thumb Code    14  stm32f4xx_adc.o(.text)
    ADC_ITConfig                             0x08001a59   Thumb Code    18  stm32f4xx_adc.o(.text)
    ADC_GetFlagStatus                        0x08001a6b   Thumb Code    14  stm32f4xx_adc.o(.text)
    ADC_ClearFlag                            0x08001a79   Thumb Code     6  stm32f4xx_adc.o(.text)
    ADC_GetITStatus                          0x08001a7f   Thumb Code    30  stm32f4xx_adc.o(.text)
    ADC_ClearITPendingBit                    0x08001a9d   Thumb Code     8  stm32f4xx_adc.o(.text)
    TimingDelay_Decrement                    0x08001ab9   Thumb Code    26  tm_stm32f4_delay.o(.text)
    TM_DELAY_Init                            0x08001ad3   Thumb Code    82  tm_stm32f4_delay.o(.text)
    TM_DELAY_EnableDelayTimer                0x08001b25   Thumb Code    22  tm_stm32f4_delay.o(.text)
    TM_DELAY_DisableDelayTimer               0x08001b3b   Thumb Code    14  tm_stm32f4_delay.o(.text)
    TM_GPIO_INT_EnableClock                  0x08001b59   Thumb Code   158  tm_stm32f4_gpio.o(.text)
    TM_GPIO_Init                             0x08001bf7   Thumb Code    48  tm_stm32f4_gpio.o(.text)
    TM_GPIO_InitAlternate                    0x08001c27   Thumb Code    72  tm_stm32f4_gpio.o(.text)
    TM_GPIO_INT_DisableClock                 0x08001c6f   Thumb Code   158  tm_stm32f4_gpio.o(.text)
    TM_ILI9341_SetLayer1                     0x08001d6b   Thumb Code    10  tm_stm32f4_ili9341_ltdc.o(.text)
    TM_ILI9341_Fill                          0x08001d75   Thumb Code    28  tm_stm32f4_ili9341_ltdc.o(.text)
    TM_ILI9341_SetLayer2                     0x08001d91   Thumb Code    14  tm_stm32f4_ili9341_ltdc.o(.text)
    TM_ILI9341_InitLayers                    0x08001d9f   Thumb Code   176  tm_stm32f4_ili9341_ltdc.o(.text)
    TM_LCD9341_InitLTDC                      0x08001e4f   Thumb Code   126  tm_stm32f4_ili9341_ltdc.o(.text)
    TM_ILI9341_SendCommand                   0x08001ecd   Thumb Code    32  tm_stm32f4_ili9341_ltdc.o(.text)
    TM_ILI9341_Delay                         0x08001eed   Thumb Code    16  tm_stm32f4_ili9341_ltdc.o(.text)
    TM_ILI9341_SendData                      0x08001efd   Thumb Code    34  tm_stm32f4_ili9341_ltdc.o(.text)
    TM_ILI9341_InitLCD                       0x08001f1f   Thumb Code   690  tm_stm32f4_ili9341_ltdc.o(.text)
    TM_ILI9341_InitPins                      0x080021d1   Thumb Code   202  tm_stm32f4_ili9341_ltdc.o(.text)
    TM_ILI9341_Init                          0x0800229b   Thumb Code   104  tm_stm32f4_ili9341_ltdc.o(.text)
    TM_ILI9341_DisplayOn                     0x08002303   Thumb Code    18  tm_stm32f4_ili9341_ltdc.o(.text)
    TM_ILI9341_DisplayOff                    0x08002315   Thumb Code    18  tm_stm32f4_ili9341_ltdc.o(.text)
    TM_ILI9341_DrawPixel                     0x08002327   Thumb Code    86  tm_stm32f4_ili9341_ltdc.o(.text)
    TM_ILI9341_Rotate                        0x0800237d   Thumb Code    34  tm_stm32f4_ili9341_ltdc.o(.text)
    TM_ILI9341_UpdateLayerOpacity            0x0800239f   Thumb Code    32  tm_stm32f4_ili9341_ltdc.o(.text)
    TM_ILI9341_SetLayer1Opacity              0x080023bf   Thumb Code     6  tm_stm32f4_ili9341_ltdc.o(.text)
    TM_ILI9341_SetLayer2Opacity              0x080023c5   Thumb Code     6  tm_stm32f4_ili9341_ltdc.o(.text)
    TM_ILI9341_ChangeLayers                  0x080023cb   Thumb Code    40  tm_stm32f4_ili9341_ltdc.o(.text)
    TM_ILI9341_Layer2To1                     0x080023f3   Thumb Code    30  tm_stm32f4_ili9341_ltdc.o(.text)
    TM_ILI9341_Layer1To2                     0x08002411   Thumb Code    30  tm_stm32f4_ili9341_ltdc.o(.text)
    TM_ILI9341_Putc                          0x0800242f   Thumb Code   160  tm_stm32f4_ili9341_ltdc.o(.text)
    TM_ILI9341_Puts                          0x080024cf   Thumb Code    86  tm_stm32f4_ili9341_ltdc.o(.text)
    TM_ILI9341_GetStringSize                 0x08002525   Thumb Code    28  tm_stm32f4_ili9341_ltdc.o(.text)
    TM_ILI9341_DrawLine                      0x08002541   Thumb Code   230  tm_stm32f4_ili9341_ltdc.o(.text)
    TM_ILI9341_DrawRectangle                 0x08002627   Thumb Code    68  tm_stm32f4_ili9341_ltdc.o(.text)
    TM_INT_ILI9341_DrawCircleCorner          0x0800266b   Thumb Code   232  tm_stm32f4_ili9341_ltdc.o(.text)
    TM_ILI9341_DrawRoundedRectangle          0x08002753   Thumb Code   250  tm_stm32f4_ili9341_ltdc.o(.text)
    TM_INT_ILI9341_DrawFilledCircleCorner    0x0800284d   Thumb Code   276  tm_stm32f4_ili9341_ltdc.o(.text)
    TM_ILI9341_DrawFilledRectangle           0x08002961   Thumb Code    40  tm_stm32f4_ili9341_ltdc.o(.text)
    TM_ILI9341_DrawFilledRoundedRectangle    0x08002989   Thumb Code   228  tm_stm32f4_ili9341_ltdc.o(.text)
    TM_ILI9341_DrawCircle                    0x08002a6d   Thumb Code   274  tm_stm32f4_ili9341_ltdc.o(.text)
    TM_ILI9341_DrawFilledCircle              0x08002b7f   Thumb Code   254  tm_stm32f4_ili9341_ltdc.o(.text)
    TM_SDRAM_InitCustomPinsCallback          0x08002c7d   Thumb Code     4  tm_stm32f4_sdram.o(.text)
    TM_SDRAM_Init                            0x08002c81   Thumb Code   368  tm_stm32f4_sdram.o(.text)
    TM_SPI6_INT_InitPins                     0x08002e8d   Thumb Code    40  tm_stm32f4_spi.o(.text)
    TM_SPI5_INT_InitPins                     0x08002eb5   Thumb Code    74  tm_stm32f4_spi.o(.text)
    TM_SPI4_INT_InitPins                     0x08002eff   Thumb Code    58  tm_stm32f4_spi.o(.text)
    TM_SPI3_INT_InitPins                     0x08002f39   Thumb Code    58  tm_stm32f4_spi.o(.text)
    TM_SPI2_INT_InitPins                     0x08002f73   Thumb Code    88  tm_stm32f4_spi.o(.text)
    TM_SPI1_INT_InitPins                     0x08002fcb   Thumb Code    56  tm_stm32f4_spi.o(.text)
    TM_SPI_Init                              0x08003125   Thumb Code   136  tm_stm32f4_spi.o(.text)
    TM_SPI_InitWithMode                      0x080031ad   Thumb Code   134  tm_stm32f4_spi.o(.text)
    TM_SPI_InitFull                          0x08003233   Thumb Code   202  tm_stm32f4_spi.o(.text)
    TM_SPI_GetPrescalerFromMaxFrequency      0x080032fd   Thumb Code    78  tm_stm32f4_spi.o(.text)
    TM_SPI_SetDataSize                       0x0800334b   Thumb Code    44  tm_stm32f4_spi.o(.text)
    TM_SPI_SendMulti                         0x08003377   Thumb Code    52  tm_stm32f4_spi.o(.text)
    TM_SPI_WriteMulti                        0x080033ab   Thumb Code    50  tm_stm32f4_spi.o(.text)
    TM_SPI_ReadMulti                         0x080033dd   Thumb Code    50  tm_stm32f4_spi.o(.text)
    TM_SPI_SendMulti16                       0x0800340f   Thumb Code    56  tm_stm32f4_spi.o(.text)
    TM_SPI_WriteMulti16                      0x08003447   Thumb Code    52  tm_stm32f4_spi.o(.text)
    TM_SPI_ReadMulti16                       0x0800347b   Thumb Code    52  tm_stm32f4_spi.o(.text)
    TM_ADC_InitADC                           0x080034c1   Thumb Code   116  tm_stm32f4_adc.o(.text)
    TM_ADC_INT_InitPin                       0x08003535   Thumb Code    20  tm_stm32f4_adc.o(.text)
    TM_ADC_INT_Channel_15_Init               0x08003549   Thumb Code    32  tm_stm32f4_adc.o(.text)
    TM_ADC_INT_Channel_14_Init               0x08003569   Thumb Code    32  tm_stm32f4_adc.o(.text)
    TM_ADC_INT_Channel_13_Init               0x08003589   Thumb Code     6  tm_stm32f4_adc.o(.text)
    TM_ADC_INT_Channel_12_Init               0x0800358f   Thumb Code     6  tm_stm32f4_adc.o(.text)
    TM_ADC_INT_Channel_11_Init               0x08003595   Thumb Code     6  tm_stm32f4_adc.o(.text)
    TM_ADC_INT_Channel_10_Init               0x0800359b   Thumb Code     6  tm_stm32f4_adc.o(.text)
    TM_ADC_INT_Channel_9_Init                0x080035a1   Thumb Code    32  tm_stm32f4_adc.o(.text)
    TM_ADC_INT_Channel_8_Init                0x080035c1   Thumb Code    32  tm_stm32f4_adc.o(.text)
    TM_ADC_INT_Channel_7_Init                0x080035e1   Thumb Code    32  tm_stm32f4_adc.o(.text)
    TM_ADC_INT_Channel_6_Init                0x08003601   Thumb Code    32  tm_stm32f4_adc.o(.text)
    TM_ADC_INT_Channel_5_Init                0x08003621   Thumb Code    32  tm_stm32f4_adc.o(.text)
    TM_ADC_INT_Channel_4_Init                0x08003641   Thumb Code    32  tm_stm32f4_adc.o(.text)
    TM_ADC_INT_Channel_3_Init                0x08003661   Thumb Code     6  tm_stm32f4_adc.o(.text)
    TM_ADC_INT_Channel_2_Init                0x08003667   Thumb Code     6  tm_stm32f4_adc.o(.text)
    TM_ADC_INT_Channel_1_Init                0x0800366d   Thumb Code     6  tm_stm32f4_adc.o(.text)
    TM_ADC_INT_Channel_0_Init                0x08003673   Thumb Code     6  tm_stm32f4_adc.o(.text)
    TM_ADC_Init                              0x08003679   Thumb Code   162  tm_stm32f4_adc.o(.text)
    TM_ADC_Read                              0x0800371b   Thumb Code    32  tm_stm32f4_adc.o(.text)
    TM_ADC_EnableVbat                        0x0800373b   Thumb Code    16  tm_stm32f4_adc.o(.text)
    TM_ADC_DisableVbat                       0x0800374b   Thumb Code    16  tm_stm32f4_adc.o(.text)
    TM_ADC_ReadVbat                          0x0800375b   Thumb Code    48  tm_stm32f4_adc.o(.text)
    main                                     0x080037ad   Thumb Code   228  main.o(.text)
    NMI_Handler                              0x0800389d   Thumb Code     2  stm32f4xx_it.o(.text)
    HardFault_Handler                        0x0800389f   Thumb Code     2  stm32f4xx_it.o(.text)
    MemManage_Handler                        0x080038a1   Thumb Code     2  stm32f4xx_it.o(.text)
    BusFault_Handler                         0x080038a3   Thumb Code     2  stm32f4xx_it.o(.text)
    UsageFault_Handler                       0x080038a5   Thumb Code     2  stm32f4xx_it.o(.text)
    SVC_Handler                              0x080038a7   Thumb Code     2  stm32f4xx_it.o(.text)
    DebugMon_Handler                         0x080038a9   Thumb Code     2  stm32f4xx_it.o(.text)
    PendSV_Handler                           0x080038ab   Thumb Code     2  stm32f4xx_it.o(.text)
    SysTick_Handler                          0x080038af   Thumb Code     8  stm32f4xx_it.o(.text)
    SystemInit                               0x08003977   Thumb Code    74  system_stm32f4xx.o(.text)
    SystemCoreClockUpdate                    0x080039c1   Thumb Code   108  system_stm32f4xx.o(.text)
    __scatterload                            0x08003a51   Thumb Code    28  init.o(.text)
    __scatterload_rt2                        0x08003a51   Thumb Code     0  init.o(.text)
    __scatterload_copy                       0x08003a75   Thumb Code    14  handlers.o(i.__scatterload_copy)
    __scatterload_null                       0x08003a83   Thumb Code     2  handlers.o(i.__scatterload_null)
    __scatterload_zeroinit                   0x08003a85   Thumb Code    14  handlers.o(i.__scatterload_zeroinit)
    FMC_DefaultTimingStruct                  0x08003a94   Data          28  stm32f4xx_fmc.o(.constdata)
    Region$$Table$$Base                      0x08003ab0   Number         0  anon$$obj.o(Region$$Table)
    Region$$Table$$Limit                     0x08003ad0   Number         0  anon$$obj.o(Region$$Table)
    TM_DELAY_Initialized                     0x20000010   Data           1  tm_stm32f4_delay.o(.data)
    TM_Time                                  0x20000014   Data           4  tm_stm32f4_delay.o(.data)
    TM_Time2                                 0x20000018   Data           4  tm_stm32f4_delay.o(.data)
    mult                                     0x2000001c   Data           4  tm_stm32f4_delay.o(.data)
    ILI9341_x                                0x20000028   Data           2  tm_stm32f4_ili9341_ltdc.o(.data)
    ILI9341_y                                0x2000002a   Data           2  tm_stm32f4_ili9341_ltdc.o(.data)
    i                                        0x20000030   Data           4  main.o(.data)
    SystemCoreClock                          0x20000034   Data           4  system_stm32f4xx.o(.data)
    AHBPrescTable                            0x20000038   Data          16  system_stm32f4xx.o(.data)
    ILI9341_Opts                             0x20000048   Data          16  tm_stm32f4_ili9341_ltdc.o(.bss)
    tab                                      0x20000058   Data       12800  main.o(.bss)
    __initial_sp                             0x20003658   Data           0  startup_stm32f429_439xx.o(STACK)



==============================================================================

Memory Map of the image

  Image Entry point : 0x080001ad

  Load Region LR_IROM1 (Base: 0x08000000, Size: 0x00003b18, Max: 0x00200000, ABSOLUTE)

    Execution Region ER_IROM1 (Base: 0x08000000, Size: 0x00003ad0, Max: 0x00200000, ABSOLUTE)

    Base Addr    Size         Type   Attr      Idx    E Section Name        Object

    0x08000000   0x000001ac   Data   RO            3    RESET               startup_stm32f429_439xx.o
    0x080001ac   0x00000000   Code   RO          673  * .ARM.Collect$$$$00000000  mc_w.l(entry.o)
    0x080001ac   0x00000004   Code   RO          678    .ARM.Collect$$$$00000001  mc_w.l(entry2.o)
    0x080001b0   0x00000004   Code   RO          681    .ARM.Collect$$$$00000004  mc_w.l(entry5.o)
    0x080001b4   0x00000000   Code   RO          683    .ARM.Collect$$$$00000008  mc_w.l(entry7b.o)
    0x080001b4   0x00000000   Code   RO          685    .ARM.Collect$$$$0000000A  mc_w.l(entry8b.o)
    0x080001b4   0x00000008   Code   RO          686    .ARM.Collect$$$$0000000B  mc_w.l(entry9a.o)
    0x080001bc   0x00000000   Code   RO          688    .ARM.Collect$$$$0000000D  mc_w.l(entry10a.o)
    0x080001bc   0x00000000   Code   RO          690    .ARM.Collect$$$$0000000F  mc_w.l(entry11a.o)
    0x080001bc   0x00000004   Code   RO          679    .ARM.Collect$$$$00002712  mc_w.l(entry2.o)
    0x080001c0   0x00000024   Code   RO            4    .text               startup_stm32f429_439xx.o
    0x080001e4   0x00000484   Code   RO          151    .text               stm32f4xx_rcc.o
    0x08000668   0x0000020c   Code   RO          177    .text               stm32f4xx_gpio.o
    0x08000874   0x00000758   Code   RO          201    .text               stm32f4xx_fmc.o
    0x08000fcc   0x0000046c   Code   RO          228    .text               stm32f4xx_ltdc.o
    0x08001438   0x0000032c   Code   RO          252    .text               stm32f4xx_spi.o
    0x08001764   0x00000354   Code   RO          276    .text               stm32f4xx_adc.o
    0x08001ab8   0x000000a0   Code   RO          300    .text               tm_stm32f4_delay.o
    0x08001b58   0x000001e8   Code   RO          371    .text               tm_stm32f4_gpio.o
    0x08001d40   0x00000f3c   Code   RO          438    .text               tm_stm32f4_ili9341_ltdc.o
    0x08002c7c   0x00000210   Code   RO          483    .text               tm_stm32f4_sdram.o
    0x08002e8c   0x00000634   Code   RO          508    .text               tm_stm32f4_spi.o
    0x080034c0   0x000002ec   Code   RO          536    .text               tm_stm32f4_adc.o
    0x080037ac   0x000000f0   Code   RO          570    .text               main.o
    0x0800389c   0x0000001a   Code   RO          619    .text               stm32f4xx_it.o
    0x080038b6   0x00000002   PAD
    0x080038b8   0x00000198   Code   RO          646    .text               system_stm32f4xx.o
    0x08003a50   0x00000024   Code   RO          692    .text               mc_w.l(init.o)
    0x08003a74   0x0000000e   Code   RO          696    i.__scatterload_copy  mc_w.l(handlers.o)
    0x08003a82   0x00000002   Code   RO          697    i.__scatterload_null  mc_w.l(handlers.o)
    0x08003a84   0x0000000e   Code   RO          698    i.__scatterload_zeroinit  mc_w.l(handlers.o)
    0x08003a92   0x00000002   PAD
    0x08003a94   0x0000001c   Data   RO          202    .constdata          stm32f4xx_fmc.o
    0x08003ab0   0x00000020   Data   RO          694    Region$$Table       anon$$obj.o


    Execution Region RW_IRAM1 (Base: 0x20000000, Size: 0x00003658, Max: 0x00030000, ABSOLUTE)

    Base Addr    Size         Type   Attr      Idx    E Section Name        Object

    0x20000000   0x00000010   Data   RW          152    .data               stm32f4xx_rcc.o
    0x20000010   0x00000010   Data   RW          302    .data               tm_stm32f4_delay.o
    0x20000020   0x00000008   Data   RW          372    .data               tm_stm32f4_gpio.o
    0x20000028   0x00000004   Data   RW          440    .data               tm_stm32f4_ili9341_ltdc.o
    0x2000002c   0x00000001   Data   RW          484    .data               tm_stm32f4_sdram.o
    0x2000002d   0x00000003   PAD
    0x20000030   0x00000004   Data   RW          572    .data               main.o
    0x20000034   0x00000014   Data   RW          647    .data               system_stm32f4xx.o
    0x20000048   0x00000010   Zero   RW          439    .bss                tm_stm32f4_ili9341_ltdc.o
    0x20000058   0x00003200   Zero   RW          571    .bss                main.o
    0x20003258   0x00000400   Zero   RW            1    STACK               startup_stm32f429_439xx.o


==============================================================================

Image component sizes


      Code (inc. data)   RO Data    RW Data    ZI Data      Debug   Object Name

       240         12          0          4      12800       1703   main.o
         0          0          0          0          0     310496   misc.o
        36          8        428          0       1024       1100   startup_stm32f429_439xx.o
       852         20          0          0          0      10510   stm32f4xx_adc.o
      1880         30         28          0          0       8786   stm32f4xx_fmc.o
       524         44          0          0          0       4697   stm32f4xx_gpio.o
        26          0          0          0          0       1524   stm32f4xx_it.o
      1132         18          0          0          0       8084   stm32f4xx_ltdc.o
      1156         48          0         16          0      13272   stm32f4xx_rcc.o
       812         36          0          0          0       7485   stm32f4xx_spi.o
       408         36          0         20          0       2179   system_stm32f4xx.o
       748         34          0          0          0       6581   tm_stm32f4_adc.o
       160         16          0         16          0      28778   tm_stm32f4_delay.o
       488         52          0          8          0       4662   tm_stm32f4_gpio.o
      3900         78          0          4         16      19174   tm_stm32f4_ili9341_ltdc.o
       528         36          0          1          0       1804   tm_stm32f4_sdram.o
      1588         80          0          0          0       9479   tm_stm32f4_spi.o

    ----------------------------------------------------------------------
     14480        548        488         72      13840     440314   Object Totals
         0          0         32          0          0          0   (incl. Generated)
         2          0          0          3          0          0   (incl. Padding)

    ----------------------------------------------------------------------

      Code (inc. data)   RO Data    RW Data    ZI Data      Debug   Library Member Name

         0          0          0          0          0          0   entry.o
         0          0          0          0          0          0   entry10a.o
         0          0          0          0          0          0   entry11a.o
         8          4          0          0          0          0   entry2.o
         4          0          0          0          0          0   entry5.o
         0          0          0          0          0          0   entry7b.o
         0          0          0          0          0          0   entry8b.o
         8          4          0          0          0          0   entry9a.o
        30          0          0          0          0          0   handlers.o
        36          8          0          0          0         68   init.o

    ----------------------------------------------------------------------
        88         16          0          0          0         68   Library Totals
         2          0          0          0          0          0   (incl. Padding)

    ----------------------------------------------------------------------

      Code (inc. data)   RO Data    RW Data    ZI Data      Debug   Library Name

        86         16          0          0          0         68   mc_w.l

    ----------------------------------------------------------------------
        88         16          0          0          0         68   Library Totals

    ----------------------------------------------------------------------

==============================================================================


      Code (inc. data)   RO Data    RW Data    ZI Data      Debug   

     14568        564        488         72      13840     436686   Grand Totals
     14568        564        488         72      13840     436686   ELF Image Totals
     14568        564        488         72          0          0   ROM Totals

==============================================================================

    Total RO  Size (Code + RO Data)                15056 (  14.70kB)
    Total RW  Size (RW Data + ZI Data)             13912 (  13.59kB)
    Total ROM Size (Code + RO Data + RW Data)      15128 (  14.77kB)

==============================================================================

