<html>
<body>
<pre>
<h1>µVision Build Log</h1>
<h2>Tool Versions:</h2>
IDE-Version: µVision V5.15
Copyright (C) 2015 ARM Ltd and ARM Germany GmbH. All rights reserved.
License Information: Grzegorz Pietrusza, none, LIC=----
 
Tool Versions:
Toolchain:       MDK-Lite  Version: 5.15.0
Toolchain Path:  D:\Keil_v5\ARM\ARMCC\Bin
C Compiler:      Armcc.exe V5.05 update 2 (build 169)
Assembler:       Armasm.exe V5.05 update 2 (build 169)
Linker/Locator:  ArmLink.exe V5.05 update 2 (build 169)
Library Manager: ArmAr.exe V5.05 update 2 (build 169)
Hex Converter:   FromElf.exe V5.05 update 2 (build 169)
CPU DLL:         SARMCM3.DLL V5.15.0
Dialog DLL:      DCM.DLL V1.13.2.0
Target DLL:      STLink\ST-LINKIII-KEIL_SWO.dll V2.0.15.0_KEIL
Dialog DLL:      TCM.DLL V1.14.5.0
 
<h2>Project:</h2>
C:\Users\Grzegorz\Documents\auk_calosc\01-STM32F4xx_Keil_CMSIS_Default_Project\01-STM32F4xx_Keil_CMSIS_Default_Project\project.uvprojx
Project File Date:  06/17/2015

<h2>Output:</h2>
*** Using Compiler 'V5.05 update 2 (build 169)', folder: 'D:\Keil_v5\ARM\ARMCC\Bin'
Build target 'STM32F429I-Discovery'
assembling startup_stm32f429_439xx.s...
compiling main.c...
User\main.c(25): warning:  #223-D: function "TM_ADC_Init" declared implicitly
        TM_ADC_Init(ADC1, ADC_Channel_0);
User\main.c(52): warning:  #223-D: function "TM_ADC_Read" declared implicitly
                        tab[i]=TM_ADC_Read(ADC1, ADC_Channel_0);
User\main.c(93): warning:  #1-D: last line of file ends without a newline
                }
User\main.c(71): warning:  #128-D: loop is not reachable
      while (1) {        
User\main.c(14): warning:  #177-D: variable "max" was declared but never referenced
        uint16_t max = 0;
User\main.c(16): warning:  #177-D: variable "min" was declared but never referenced
        uint16_t min = 4096;
User\main.c: 6 warnings, 0 errors
linking...
Program Size: Code=14568 RO-data=488 RW-data=72 ZI-data=13840  
FromELF: creating hex file...
".\Targets\STM32F429_Discovery\project.axf" - 0 Error(s), 6 Warning(s).

<h2>Collection of Component include folders:</h2>
  C:\Users\Grzegorz\Documents\auk_calosc\01-STM32F4xx_Keil_CMSIS_Default_Project\01-STM32F4xx_Keil_CMSIS_Default_Project\RTE
  D:\Keil_v5\ARM\PACK\Keil\STM32F4xx_DFP\2.4.0\Drivers\CMSIS\Device\ST\STM32F4xx\Include

<h2>Collection of Component Files used:</h2>
</pre>
</body>
</html>
